{
  "version": "1.5.0",
  "plugins_used": [
    {
      "name": "ArtifactoryDetector"
    },
    {
      "name": "AWSKeyDetector"
    },
    {
      "name": "AzureStorageKeyDetector"
    },
    {
      "name": "Base64HighEntropyString",
      "limit": 4.5
    },
    {
      "name": "BasicAuthDetector"
    },
    {
      "name": "CloudantDetector"
    },
    {
      "name": "DiscordBotTokenDetector"
    },
    {
      "name": "GitHubTokenDetector"
    },
    {
      "name": "GitLabTokenDetector"
    },
    {
      "name": "HexHighEntropyString",
      "limit": 3.0
    },
    {
      "name": "IbmCloudIamDetector"
    },
    {
      "name": "IbmCosHmacDetector"
    },
    {
      "name": "IPPublicDetector"
    },
    {
      "name": "JwtTokenDetector"
    },
    {
      "name": "KeywordDetector",
      "keyword_exclude": ""
    },
    {
      "name": "MailchimpDetector"
    },
    {
      "name": "NpmDetector"
    },
    {
      "name": "OpenAIDetector"
    },
    {
      "name": "PrivateKeyDetector"
    },
    {
      "name": "PypiTokenDetector"
    },
    {
      "name": "SendGridDetector"
    },
    {
      "name": "SlackDetector"
    },
    {
      "name": "SoftlayerDetector"
    },
    {
      "name": "SquareOAuthDetector"
    },
    {
      "name": "StripeDetector"
    },
    {
      "name": "TelegramBotTokenDetector"
    },
    {
      "name": "TwilioKeyDetector"
    }
  ],
  "filters_used": [
    {
      "path": "detect_secrets.filters.allowlist.is_line_allowlisted"
    },
    {
      "path": "detect_secrets.filters.common.is_baseline_file",
      "filename": ".secrets.baseline"
    },
    {
      "path": "detect_secrets.filters.common.is_ignored_due_to_verification_policies",
      "min_level": 2
    },
    {
      "path": "detect_secrets.filters.heuristic.is_indirect_reference"
    },
    {
      "path": "detect_secrets.filters.heuristic.is_likely_id_string"
    },
    {
      "path": "detect_secrets.filters.heuristic.is_lock_file"
    },
    {
      "path": "detect_secrets.filters.heuristic.is_not_alphanumeric_string"
    },
    {
      "path": "detect_secrets.filters.heuristic.is_potential_uuid"
    },
    {
      "path": "detect_secrets.filters.heuristic.is_prefixed_with_dollar_sign"
    },
    {
      "path": "detect_secrets.filters.heuristic.is_sequential_string"
    },
    {
      "path": "detect_secrets.filters.heuristic.is_swagger_file"
    },
    {
      "path": "detect_secrets.filters.heuristic.is_templated_secret"
    },
    {
      "path": "detect_secrets.filters.regex.should_exclude_file",
      "pattern": [
        "package-lock\\.json$",
        "\\.lock$",
        "\\.sum$"
      ]
    }
  ],
  "results": {
    ".claude/scripts/pg-tunnel-mcp.sh": [
      {
        "type": "Basic Auth Credentials",
        "filename": ".claude/scripts/pg-tunnel-mcp.sh",
        "hashed_secret": "112bb791304791ddcf692e29fd5cf149b35fea37",
        "is_verified": false,
        "line_number": 23
      }
    ],
    ".github/workflows/ci.yml": [
      {
        "type": "Secret Keyword",
        "filename": ".github/workflows/ci.yml",
        "hashed_secret": "1bfe61591ad6bcc2591da8902eb63e994bba711a",
        "is_verified": false,
        "line_number": 55
      },
      {
        "type": "Basic Auth Credentials",
        "filename": ".github/workflows/ci.yml",
        "hashed_secret": "1bfe61591ad6bcc2591da8902eb63e994bba711a",
        "is_verified": false,
        "line_number": 123
      },
      {
        "type": "Secret Keyword",
        "filename": ".github/workflows/ci.yml",
        "hashed_secret": "b71d494da8d930401ba9b32b7cef87295f3eb6d3",
        "is_verified": false,
        "line_number": 155
      }
    ],
    "backend/.env.development": [
      {
        "type": "Basic Auth Credentials",
        "filename": "backend/.env.development",
        "hashed_secret": "5568d0bf2ed00f7dba335685cf3692cfa54be17b",
        "is_verified": false,
        "line_number": 31
      }
    ],
    "backend/.env.production.example": [
      {
        "type": "Basic Auth Credentials",
        "filename": "backend/.env.production.example",
        "hashed_secret": "5baa61e4c9b93f3f0682250b6cf8331b7ee68fd8",
        "is_verified": false,
        "line_number": 34
      },
      {
        "type": "Basic Auth Credentials",
        "filename": "backend/.env.production.example",
        "hashed_secret": "efb73aebf1382f179dba9f31dc6953987555f159",
        "is_verified": false,
        "line_number": 35
      }
    ],
    "backend/PERFORMANCE_ACTION_PLAN.md": [
      {
        "type": "Secret Keyword",
        "filename": "backend/PERFORMANCE_ACTION_PLAN.md",
        "hashed_secret": "5baa61e4c9b93f3f0682250b6cf8331b7ee68fd8",
        "is_verified": false,
        "line_number": 261
      }
    ],
    "backend/SECURITY.md": [
      {
        "type": "Basic Auth Credentials",
        "filename": "backend/SECURITY.md",
        "hashed_secret": "a616a64c0fbc30f12287d0f24f3b90dd2e6a206e",
        "is_verified": false,
        "line_number": 288
      }
    ],
    "backend/alembic.ini": [
      {
        "type": "Basic Auth Credentials",
        "filename": "backend/alembic.ini",
        "hashed_secret": "915a6df0d67fb938c0c94bb4a400e90cecdb4ead",
        "is_verified": false,
        "line_number": 52
      }
    ],
    "backend/alembic/env.py": [
      {
        "type": "Basic Auth Credentials",
        "filename": "backend/alembic/env.py",
        "hashed_secret": "915a6df0d67fb938c0c94bb4a400e90cecdb4ead",
        "is_verified": false,
        "line_number": 57
      }
    ],
    "backend/alembic/versions/2025_08_23_2003-4de5528c20b4_initial_database_schema.py": [
      {
        "type": "Hex High Entropy String",
        "filename": "backend/alembic/versions/2025_08_23_2003-4de5528c20b4_initial_database_schema.py",
        "hashed_secret": "ff7066a77a551bbf09b5a157c28ca1f1729602a5",
        "is_verified": false,
        "line_number": 15
      }
    ],
    "backend/alembic/versions/2025_10_19_2348-8ca7de033db9_add_reading_location_cfi_field.py": [
      {
        "type": "Hex High Entropy String",
        "filename": "backend/alembic/versions/2025_10_19_2348-8ca7de033db9_add_reading_location_cfi_field.py",
        "hashed_secret": "37588c962d42974562767f5b11f039787e96db7f",
        "is_verified": false,
        "line_number": 15
      }
    ],
    "backend/alembic/versions/2025_10_20_2328-e94cab18247f_add_scroll_offset_percent_to_reading_.py": [
      {
        "type": "Hex High Entropy String",
        "filename": "backend/alembic/versions/2025_10_20_2328-e94cab18247f_add_scroll_offset_percent_to_reading_.py",
        "hashed_secret": "5915da6dfb33eede203f67f71fab92075cfea130",
        "is_verified": false,
        "line_number": 15
      }
    ],
    "backend/alembic/versions/2025_10_24_1744-f1a2b3c4d5e6_add_critical_performance_indexes.py": [
      {
        "type": "Hex High Entropy String",
        "filename": "backend/alembic/versions/2025_10_24_1744-f1a2b3c4d5e6_add_critical_performance_indexes.py",
        "hashed_secret": "2d40811ded1703d949aca3c40d77175a5c568c05",
        "is_verified": false,
        "line_number": 24
      }
    ],
    "backend/alembic/versions/2025_10_27_1922-bf69a2347ac9_add_reading_sessions_table_for_detailed_.py": [
      {
        "type": "Hex High Entropy String",
        "filename": "backend/alembic/versions/2025_10_27_1922-bf69a2347ac9_add_reading_sessions_table_for_detailed_.py",
        "hashed_secret": "a57194ed5f57abf2dbb792e8903beebd30d9b3a7",
        "is_verified": false,
        "line_number": 15
      }
    ],
    "backend/alembic/versions/2025_10_28_1200-optimize_reading_sessions.py": [
      {
        "type": "Hex High Entropy String",
        "filename": "backend/alembic/versions/2025_10_28_1200-optimize_reading_sessions.py",
        "hashed_secret": "ef678205593788329ff416ce5c65fa04f33a05bd",
        "is_verified": false,
        "line_number": 18
      },
      {
        "type": "Hex High Entropy String",
        "filename": "backend/alembic/versions/2025_10_28_1200-optimize_reading_sessions.py",
        "hashed_secret": "a57194ed5f57abf2dbb792e8903beebd30d9b3a7",
        "is_verified": false,
        "line_number": 19
      }
    ],
    "backend/alembic/versions/2025_10_29_0000-migrate_json_to_jsonb.py": [
      {
        "type": "Hex High Entropy String",
        "filename": "backend/alembic/versions/2025_10_29_0000-migrate_json_to_jsonb.py",
        "hashed_secret": "ef678205593788329ff416ce5c65fa04f33a05bd",
        "is_verified": false,
        "line_number": 30
      }
    ],
    "backend/alembic/versions/2025_11_22_2137-72f14c0d1a64_add_feature_flags_table.py": [
      {
        "type": "Hex High Entropy String",
        "filename": "backend/alembic/versions/2025_11_22_2137-72f14c0d1a64_add_feature_flags_table.py",
        "hashed_secret": "331b6afd164c27d26a3f13e0ab868e57146be72f",
        "is_verified": false,
        "line_number": 15
      }
    ],
    "backend/alembic/versions/2025_11_23_0001_add_nlp_rollout_config.py": [
      {
        "type": "Hex High Entropy String",
        "filename": "backend/alembic/versions/2025_11_23_0001_add_nlp_rollout_config.py",
        "hashed_secret": "331b6afd164c27d26a3f13e0ab868e57146be72f",
        "is_verified": false,
        "line_number": 22
      }
    ],
    "backend/alembic/versions/2026_01_20_1923-4311e80fcf3d_add_universal_entities_and_graph.py": [
      {
        "type": "Hex High Entropy String",
        "filename": "backend/alembic/versions/2026_01_20_1923-4311e80fcf3d_add_universal_entities_and_graph.py",
        "hashed_secret": "271ace3006a0ea22bc3ede6121aa728026011a4c",
        "is_verified": false,
        "line_number": 15
      }
    ],
    "backend/alembic/versions/2026_01_21_add_object_to_descriptiontype.py": [
      {
        "type": "Hex High Entropy String",
        "filename": "backend/alembic/versions/2026_01_21_add_object_to_descriptiontype.py",
        "hashed_secret": "271ace3006a0ea22bc3ede6121aa728026011a4c",
        "is_verified": false,
        "line_number": 12
      }
    ],
    "backend/alembic/versions/2026_01_24_0001_add_entity_mentions_and_file_path.py": [
      {
        "type": "Hex High Entropy String",
        "filename": "backend/alembic/versions/2026_01_24_0001_add_entity_mentions_and_file_path.py",
        "hashed_secret": "b9fff9d82ff4486682702e3d4b53a8c617a99ef8",
        "is_verified": false,
        "line_number": 13
      }
    ],
    "backend/alembic/versions/2026_01_25_0001_add_mention_cfi_column.py": [
      {
        "type": "Hex High Entropy String",
        "filename": "backend/alembic/versions/2026_01_25_0001_add_mention_cfi_column.py",
        "hashed_secret": "b9fff9d82ff4486682702e3d4b53a8c617a99ef8",
        "is_verified": false,
        "line_number": 12
      }
    ],
    "backend/alembic/versions/2026_03_03_2358-ff9dd781cd6e_rename_relation_type_to_type_and_add_.py": [
      {
        "type": "Hex High Entropy String",
        "filename": "backend/alembic/versions/2026_03_03_2358-ff9dd781cd6e_rename_relation_type_to_type_and_add_.py",
        "hashed_secret": "6ff7e26ddfb9c3bc903883aa3de2882f930fd012",
        "is_verified": false,
        "line_number": 11
      }
    ],
    "backend/alembic/versions/2026_03_06_0001_merge_bookmarks_highlights.py": [
      {
        "type": "Hex High Entropy String",
        "filename": "backend/alembic/versions/2026_03_06_0001_merge_bookmarks_highlights.py",
        "hashed_secret": "415c888c2b081c779087c724d9dddb03e069eeb8",
        "is_verified": false,
        "line_number": 15
      }
    ],
    "backend/alembic/versions/2026_03_24_0001_add_hybrid_pipeline_schema.py": [
      {
        "type": "Hex High Entropy String",
        "filename": "backend/alembic/versions/2026_03_24_0001_add_hybrid_pipeline_schema.py",
        "hashed_secret": "c7aadaab7c963cb1d52347d5bea374f382ba7eda",
        "is_verified": false,
        "line_number": 16
      }
    ],
    "backend/alembic/versions/2026_03_28_0001_add_error_type_to_chapters.py": [
      {
        "type": "Hex High Entropy String",
        "filename": "backend/alembic/versions/2026_03_28_0001_add_error_type_to_chapters.py",
        "hashed_secret": "11315e29ba62753f44a76d549df36f656e9e831e",
        "is_verified": false,
        "line_number": 15
      }
    ],
    "backend/alembic/versions/2026_08_01_0001_remove_modal_feature_flags.py": [
      {
        "type": "Hex High Entropy String",
        "filename": "backend/alembic/versions/2026_08_01_0001_remove_modal_feature_flags.py",
        "hashed_secret": "17d5416942e2138b43a39535c56439ad42161601",
        "is_verified": false,
        "line_number": 21
      }
    ],
    "backend/app/core/config.py": [
      {
        "type": "Basic Auth Credentials",
        "filename": "backend/app/core/config.py",
        "hashed_secret": "1bfe61591ad6bcc2591da8902eb63e994bba711a",
        "is_verified": false,
        "line_number": 26
      },
      {
        "type": "Secret Keyword",
        "filename": "backend/app/core/config.py",
        "hashed_secret": "f1bb7852ec6d55f5c9701fa44dc2403395647e7f",
        "is_verified": false,
        "line_number": 172
      },
      {
        "type": "Secret Keyword",
        "filename": "backend/app/core/config.py",
        "hashed_secret": "ce497e9e331d4f8fdbb6334aea7ee49c35332fd7",
        "is_verified": false,
        "line_number": 193
      }
    ],
    "backend/app/utils/etag.py": [
      {
        "type": "Hex High Entropy String",
        "filename": "backend/app/utils/etag.py",
        "hashed_secret": "90bd1b48e958257948487b90bee080ba5ed00caa",
        "is_verified": false,
        "line_number": 26
      }
    ],
    "backend/docs/READING_SESSIONS_CURL_EXAMPLES.sh": [
      {
        "type": "Secret Keyword",
        "filename": "backend/docs/READING_SESSIONS_CURL_EXAMPLES.sh",
        "hashed_secret": "5baa61e4c9b93f3f0682250b6cf8331b7ee68fd8",
        "is_verified": false,
        "line_number": 208
      }
    ],
    "backend/docs/reports/2025-12-25_backend_performance_analysis.md": [
      {
        "type": "Secret Keyword",
        "filename": "backend/docs/reports/2025-12-25_backend_performance_analysis.md",
        "hashed_secret": "5baa61e4c9b93f3f0682250b6cf8331b7ee68fd8",
        "is_verified": false,
        "line_number": 989
      }
    ],
    "backend/scripts/benchmark_n1_fix.py": [
      {
        "type": "Secret Keyword",
        "filename": "backend/scripts/benchmark_n1_fix.py",
        "hashed_secret": "a94a8fe5ccb19ba61c4c0873d391e987982fbbd3",
        "is_verified": false,
        "line_number": 67
      }
    ],
    "backend/tests/FEATURE_FLAGS_QUICK_START.md": [
      {
        "type": "Base64 High Entropy String",
        "filename": "backend/tests/FEATURE_FLAGS_QUICK_START.md",
        "hashed_secret": "3d32b1ddc13e34c7344fd6551bdb38651b070000",
        "is_verified": false,
        "line_number": 118
      },
      {
        "type": "Base64 High Entropy String",
        "filename": "backend/tests/FEATURE_FLAGS_QUICK_START.md",
        "hashed_secret": "10a565fdcf9854f92c189896694d21addedcd1c1",
        "is_verified": false,
        "line_number": 130
      }
    ],
    "backend/tests/conftest.py": [
      {
        "type": "Secret Keyword",
        "filename": "backend/tests/conftest.py",
        "hashed_secret": "7d1f0a1be406049c5183f8397cc1200f846f792e",
        "is_verified": false,
        "line_number": 144
      },
      {
        "type": "Secret Keyword",
        "filename": "backend/tests/conftest.py",
        "hashed_secret": "bc7d0af48032303599f08bd3942c3cad9768348f",
        "is_verified": false,
        "line_number": 392
      },
      {
        "type": "Secret Keyword",
        "filename": "backend/tests/conftest.py",
        "hashed_secret": "7d82eb19413a1c9d1cfa268a12f365826e054432",
        "is_verified": false,
        "line_number": 424
      }
    ],
    "backend/tests/core/test_circuit_breaker.py": [
      {
        "type": "Secret Keyword",
        "filename": "backend/tests/core/test_circuit_breaker.py",
        "hashed_secret": "3acfb2c2b433c0ea7ff107e33df91b18e52f960f",
        "is_verified": false,
        "line_number": 43
      }
    ],
    "backend/tests/core/test_gemini_backend_mode.py": [
      {
        "type": "Secret Keyword",
        "filename": "backend/tests/core/test_gemini_backend_mode.py",
        "hashed_secret": "a7ca03876c53fbe1bea01477cbe0cafae9846b5f",
        "is_verified": false,
        "line_number": 9
      }
    ],
    "backend/tests/integration/README_INTEGRATION_TESTS.md": [
      {
        "type": "Basic Auth Credentials",
        "filename": "backend/tests/integration/README_INTEGRATION_TESTS.md",
        "hashed_secret": "1bfe61591ad6bcc2591da8902eb63e994bba711a",
        "is_verified": false,
        "line_number": 105
      },
      {
        "type": "Secret Keyword",
        "filename": "backend/tests/integration/README_INTEGRATION_TESTS.md",
        "hashed_secret": "7d1f0a1be406049c5183f8397cc1200f846f792e",
        "is_verified": false,
        "line_number": 169
      }
    ],
    "backend/tests/integration/test_admin_router_integration.py": [
      {
        "type": "Base64 High Entropy String",
        "filename": "backend/tests/integration/test_admin_router_integration.py",
        "hashed_secret": "2a7a8c101027791d12edbd985a242c743d753583",
        "is_verified": false,
        "line_number": 363
      },
      {
        "type": "Base64 High Entropy String",
        "filename": "backend/tests/integration/test_admin_router_integration.py",
        "hashed_secret": "3d32b1ddc13e34c7344fd6551bdb38651b070000",
        "is_verified": false,
        "line_number": 380
      }
    ],
    "backend/tests/integration/test_auth_flow_integration.py": [
      {
        "type": "Secret Keyword",
        "filename": "backend/tests/integration/test_auth_flow_integration.py",
        "hashed_secret": "7d1f0a1be406049c5183f8397cc1200f846f792e",
        "is_verified": false,
        "line_number": 42
      },
      {
        "type": "Secret Keyword",
        "filename": "backend/tests/integration/test_auth_flow_integration.py",
        "hashed_secret": "98e540ffae8223c143f1453da4c8604ca943213e",
        "is_verified": false,
        "line_number": 162
      },
      {
        "type": "Secret Keyword",
        "filename": "backend/tests/integration/test_auth_flow_integration.py",
        "hashed_secret": "1ded3053d0363079a4e681a3b700435d6d880290",
        "is_verified": false,
        "line_number": 229
      },
      {
        "type": "Secret Keyword",
        "filename": "backend/tests/integration/test_auth_flow_integration.py",
        "hashed_secret": "a380d19cad58ed764d487611c8321c7cc2ebcb3e",
        "is_verified": false,
        "line_number": 313
      },
      {
        "type": "Secret Keyword",
        "filename": "backend/tests/integration/test_auth_flow_integration.py",
        "hashed_secret": "02b7130528ea4fb8de66811cee3fb95884d94f2b",
        "is_verified": false,
        "line_number": 330
      }
    ],
    "backend/tests/integration/test_book_statistics_service_integration.py": [
      {
        "type": "Secret Keyword",
        "filename": "backend/tests/integration/test_book_statistics_service_integration.py",
        "hashed_secret": "6318553899daae2941718c02508aeee938af1a1c",
        "is_verified": false,
        "line_number": 101
      }
    ],
    "backend/tests/integration/test_book_upload_flow_integration.py": [
      {
        "type": "Secret Keyword",
        "filename": "backend/tests/integration/test_book_upload_flow_integration.py",
        "hashed_secret": "7d1f0a1be406049c5183f8397cc1200f846f792e",
        "is_verified": false,
        "line_number": 144
      }
    ],
    "backend/tests/integration/test_books_router_integration.py": [
      {
        "type": "Secret Keyword",
        "filename": "backend/tests/integration/test_books_router_integration.py",
        "hashed_secret": "6318553899daae2941718c02508aeee938af1a1c",
        "is_verified": false,
        "line_number": 207
      }
    ],
    "backend/tests/integration/test_reading_progress_flow_integration.py": [
      {
        "type": "Secret Keyword",
        "filename": "backend/tests/integration/test_reading_progress_flow_integration.py",
        "hashed_secret": "7d1f0a1be406049c5183f8397cc1200f846f792e",
        "is_verified": false,
        "line_number": 164
      }
    ],
    "backend/tests/performance/test_reading_sessions_load.py": [
      {
        "type": "Secret Keyword",
        "filename": "backend/tests/performance/test_reading_sessions_load.py",
        "hashed_secret": "5a0aee0f3af308cd6d74d617fde6592c2bc94fa3",
        "is_verified": false,
        "line_number": 82
      }
    ],
    "backend/tests/routers/test_admin_reconciliation.py": [
      {
        "type": "Secret Keyword",
        "filename": "backend/tests/routers/test_admin_reconciliation.py",
        "hashed_secret": "bc7d0af48032303599f08bd3942c3cad9768348f",
        "is_verified": false,
        "line_number": 41
      },
      {
        "type": "Secret Keyword",
        "filename": "backend/tests/routers/test_admin_reconciliation.py",
        "hashed_secret": "0fc688ae3631ec2dde193be859af930dcfe99e32",
        "is_verified": false,
        "line_number": 71
      }
    ],
    "backend/tests/routers/test_feature_flags_api.py": [
      {
        "type": "Base64 High Entropy String",
        "filename": "backend/tests/routers/test_feature_flags_api.py",
        "hashed_secret": "3d32b1ddc13e34c7344fd6551bdb38651b070000",
        "is_verified": false,
        "line_number": 132
      },
      {
        "type": "Base64 High Entropy String",
        "filename": "backend/tests/routers/test_feature_flags_api.py",
        "hashed_secret": "daba0a7888b1906e5d483e69181a30a177326b0b",
        "is_verified": false,
        "line_number": 146
      },
      {
        "type": "Base64 High Entropy String",
        "filename": "backend/tests/routers/test_feature_flags_api.py",
        "hashed_secret": "10a565fdcf9854f92c189896694d21addedcd1c1",
        "is_verified": false,
        "line_number": 169
      },
      {
        "type": "Base64 High Entropy String",
        "filename": "backend/tests/routers/test_feature_flags_api.py",
        "hashed_secret": "741ee36bfeddb5087966b6048ab1d456930d8f35",
        "is_verified": false,
        "line_number": 249
      },
      {
        "type": "Base64 High Entropy String",
        "filename": "backend/tests/routers/test_feature_flags_api.py",
        "hashed_secret": "770c1049279998057489fbc27e4aa915f07e1d50",
        "is_verified": false,
        "line_number": 640
      },
      {
        "type": "Base64 High Entropy String",
        "filename": "backend/tests/routers/test_feature_flags_api.py",
        "hashed_secret": "1b5c1ab0f26b0d2c9b70c933775442e2bc17a1e9",
        "is_verified": false,
        "line_number": 688
      }
    ],
    "backend/tests/services/test_entity_fuzzy_matching.py": [
      {
        "type": "Secret Keyword",
        "filename": "backend/tests/services/test_entity_fuzzy_matching.py",
        "hashed_secret": "00942f4668670f34c5943cf52c7ef3139fe2b8d6",
        "is_verified": false,
        "line_number": 34
      }
    ],
    "backend/tests/services/test_gemini_extractor.py": [
      {
        "type": "Secret Keyword",
        "filename": "backend/tests/services/test_gemini_extractor.py",
        "hashed_secret": "1140519438a24e9ab7eeec29054a8e85284dce01",
        "is_verified": false,
        "line_number": 50
      }
    ],
    "backend/tests/services/test_imagen_generator.py": [
      {
        "type": "Secret Keyword",
        "filename": "backend/tests/services/test_imagen_generator.py",
        "hashed_secret": "3acfb2c2b433c0ea7ff107e33df91b18e52f960f",
        "is_verified": false,
        "line_number": 186
      }
    ],
    "backend/tests/test_auth.py": [
      {
        "type": "Secret Keyword",
        "filename": "backend/tests/test_auth.py",
        "hashed_secret": "cbfdac6008f9cab4083784cbd1874f76618d2a97",
        "is_verified": false,
        "line_number": 94
      }
    ],
    "backend/tests/test_config_security.py": [
      {
        "type": "Basic Auth Credentials",
        "filename": "backend/tests/test_config_security.py",
        "hashed_secret": "20b05c695ef1f14caa80ab1ce617d503ba9de093",
        "is_verified": false,
        "line_number": 69
      },
      {
        "type": "Secret Keyword",
        "filename": "backend/tests/test_config_security.py",
        "hashed_secret": "f1bb7852ec6d55f5c9701fa44dc2403395647e7f",
        "is_verified": false,
        "line_number": 98
      },
      {
        "type": "Secret Keyword",
        "filename": "backend/tests/test_config_security.py",
        "hashed_secret": "63b5d8449fd1d84d586219eee4e4f3dad283740d",
        "is_verified": false,
        "line_number": 117
      }
    ],
    "backend/tests/test_password_reset.py": [
      {
        "type": "Secret Keyword",
        "filename": "backend/tests/test_password_reset.py",
        "hashed_secret": "9ef1b6ff3d94b24ee8b3dc9e3fc70d4012a73ff1",
        "is_verified": false,
        "line_number": 180
      },
      {
        "type": "Secret Keyword",
        "filename": "backend/tests/test_password_reset.py",
        "hashed_secret": "1ded3053d0363079a4e681a3b700435d6d880290",
        "is_verified": false,
        "line_number": 254
      },
      {
        "type": "Secret Keyword",
        "filename": "backend/tests/test_password_reset.py",
        "hashed_secret": "89e399efcbe5013a95cc100868fc6738813cefeb",
        "is_verified": false,
        "line_number": 280
      }
    ],
    "backend/tests/test_security.py": [
      {
        "type": "Hex High Entropy String",
        "filename": "backend/tests/test_security.py",
        "hashed_secret": "c377074d6473f35a91001981355da793dc808ffd",
        "is_verified": false,
        "line_number": 322
      },
      {
        "type": "Secret Keyword",
        "filename": "backend/tests/test_security.py",
        "hashed_secret": "f32b67c7e26342af42efabc674d441dca0a281c5",
        "is_verified": false,
        "line_number": 372
      },
      {
        "type": "Secret Keyword",
        "filename": "backend/tests/test_security.py",
        "hashed_secret": "8e306f75ecf6c2607de9f594e86d2f719865c671",
        "is_verified": false,
        "line_number": 381
      },
      {
        "type": "Basic Auth Credentials",
        "filename": "backend/tests/test_security.py",
        "hashed_secret": "1bfe61591ad6bcc2591da8902eb63e994bba711a",
        "is_verified": false,
        "line_number": 401
      },
      {
        "type": "Secret Keyword",
        "filename": "backend/tests/test_security.py",
        "hashed_secret": "34709cd3b7d11b93540440fc20d85ecd978683f0",
        "is_verified": false,
        "line_number": 401
      },
      {
        "type": "Secret Keyword",
        "filename": "backend/tests/test_security.py",
        "hashed_secret": "2b10a808653abcc3a22e2fe27e1f1a656e1eff0c",
        "is_verified": false,
        "line_number": 410
      },
      {
        "type": "Basic Auth Credentials",
        "filename": "backend/tests/test_security.py",
        "hashed_secret": "b7f09e4ca614c1945738c39c2fb651ab77d0463b",
        "is_verified": false,
        "line_number": 410
      }
    ],
    "backend/tests/test_user_statistics_service.py": [
      {
        "type": "Secret Keyword",
        "filename": "backend/tests/test_user_statistics_service.py",
        "hashed_secret": "6318553899daae2941718c02508aeee938af1a1c",
        "is_verified": false,
        "line_number": 61
      }
    ],
    "docs/_archive/2026-06-13-diataxis/development/performance/refactoring-analysis.md": [
      {
        "type": "Secret Keyword",
        "filename": "docs/_archive/2026-06-13-diataxis/development/performance/refactoring-analysis.md",
        "hashed_secret": "5baa61e4c9b93f3f0682250b6cf8331b7ee68fd8",
        "is_verified": false,
        "line_number": 1268
      }
    ],
    "docs/_archive/2026-06-13-diataxis/development/testing/refactoring-analysis.md": [
      {
        "type": "Secret Keyword",
        "filename": "docs/_archive/2026-06-13-diataxis/development/testing/refactoring-analysis.md",
        "hashed_secret": "c18006fc138809314751cd1991f1e0b820fabd37",
        "is_verified": false,
        "line_number": 466
      }
    ],
    "docs/_archive/2026-06-13-diataxis/guides/deployment/production-deployment.md": [
      {
        "type": "Hex High Entropy String",
        "filename": "docs/_archive/2026-06-13-diataxis/guides/deployment/production-deployment.md",
        "hashed_secret": "37588c962d42974562767f5b11f039787e96db7f",
        "is_verified": false,
        "line_number": 625
      },
      {
        "type": "Hex High Entropy String",
        "filename": "docs/_archive/2026-06-13-diataxis/guides/deployment/production-deployment.md",
        "hashed_secret": "5915da6dfb33eede203f67f71fab92075cfea130",
        "is_verified": false,
        "line_number": 625
      }
    ],
    "docs/_archive/2026-06-13-diataxis/guides/getting-started/TROUBLESHOOTING.md": [
      {
        "type": "Basic Auth Credentials",
        "filename": "docs/_archive/2026-06-13-diataxis/guides/getting-started/TROUBLESHOOTING.md",
        "hashed_secret": "5baa61e4c9b93f3f0682250b6cf8331b7ee68fd8",
        "is_verified": false,
        "line_number": 273
      }
    ],
    "docs/_archive/2026-06-13-diataxis/guides/getting-started/installation.md": [
      {
        "type": "Basic Auth Credentials",
        "filename": "docs/_archive/2026-06-13-diataxis/guides/getting-started/installation.md",
        "hashed_secret": "7ecf2a0407bb902cf9f862008ef0316092e9b6f2",
        "is_verified": false,
        "line_number": 106
      }
    ],
    "docs/_archive/2026-06-13-diataxis/guides/getting-started/quick-start.md": [
      {
        "type": "Basic Auth Credentials",
        "filename": "docs/_archive/2026-06-13-diataxis/guides/getting-started/quick-start.md",
        "hashed_secret": "afc848c316af1a89d49826c5ae9d00ed769415f3",
        "is_verified": false,
        "line_number": 39
      }
    ],
    "docs/_archive/2026-06-13-diataxis/guides/testing/TEST_IMPLEMENTATION_QUICKSTART.md": [
      {
        "type": "Secret Keyword",
        "filename": "docs/_archive/2026-06-13-diataxis/guides/testing/TEST_IMPLEMENTATION_QUICKSTART.md",
        "hashed_secret": "d58f8c42247f1cf100bf63f196d93d7d302e8ca9",
        "is_verified": false,
        "line_number": 43
      },
      {
        "type": "Secret Keyword",
        "filename": "docs/_archive/2026-06-13-diataxis/guides/testing/TEST_IMPLEMENTATION_QUICKSTART.md",
        "hashed_secret": "2e7a7ee14caebf378fc32d6cf6f557f347c96773",
        "is_verified": false,
        "line_number": 379
      }
    ],
    "docs/_archive/2026-06-13-diataxis/guides/testing/qa-playbook.md": [
      {
        "type": "Basic Auth Credentials",
        "filename": "docs/_archive/2026-06-13-diataxis/guides/testing/qa-playbook.md",
        "hashed_secret": "1bfe61591ad6bcc2591da8902eb63e994bba711a",
        "is_verified": false,
        "line_number": 86
      }
    ],
    "docs/_archive/2026-06-13-diataxis/guides/testing/testing-guide.md": [
      {
        "type": "Basic Auth Credentials",
        "filename": "docs/_archive/2026-06-13-diataxis/guides/testing/testing-guide.md",
        "hashed_secret": "a94a8fe5ccb19ba61c4c0873d391e987982fbbd3",
        "is_verified": false,
        "line_number": 41
      },
      {
        "type": "Secret Keyword",
        "filename": "docs/_archive/2026-06-13-diataxis/guides/testing/testing-guide.md",
        "hashed_secret": "f409ce90a1cd144912d1df8620215b2dc9fda731",
        "is_verified": false,
        "line_number": 64
      },
      {
        "type": "Secret Keyword",
        "filename": "docs/_archive/2026-06-13-diataxis/guides/testing/testing-guide.md",
        "hashed_secret": "5baa61e4c9b93f3f0682250b6cf8331b7ee68fd8",
        "is_verified": false,
        "line_number": 902
      }
    ],
    "docs/_archive/2026-06-13-diataxis/operations/backup/scripts.md": [
      {
        "type": "Secret Keyword",
        "filename": "docs/_archive/2026-06-13-diataxis/operations/backup/scripts.md",
        "hashed_secret": "829c3804401b0727f70f73d4415e162400cbe57b",
        "is_verified": false,
        "line_number": 732
      }
    ],
    "docs/_archive/2026-06-13-diataxis/operations/deployment/database-optimization-4gb-server.md": [
      {
        "type": "Basic Auth Credentials",
        "filename": "docs/_archive/2026-06-13-diataxis/operations/deployment/database-optimization-4gb-server.md",
        "hashed_secret": "5baa61e4c9b93f3f0682250b6cf8331b7ee68fd8",
        "is_verified": false,
        "line_number": 530
      }
    ],
    "docs/_archive/2026-06-13-diataxis/operations/deployment/production-deployment-fancai-ru.md": [
      {
        "type": "Secret Keyword",
        "filename": "docs/_archive/2026-06-13-diataxis/operations/deployment/production-deployment-fancai-ru.md",
        "hashed_secret": "463d8353f4b927fd953e5af7c41084183e8ce5fb",
        "is_verified": false,
        "line_number": 459
      },
      {
        "type": "Basic Auth Credentials",
        "filename": "docs/_archive/2026-06-13-diataxis/operations/deployment/production-deployment-fancai-ru.md",
        "hashed_secret": "5baa61e4c9b93f3f0682250b6cf8331b7ee68fd8",
        "is_verified": false,
        "line_number": 596
      }
    ],
    "docs/_archive/2026-06-13-diataxis/operations/deployment/staging-deployment-4gb-server.md": [
      {
        "type": "Secret Keyword",
        "filename": "docs/_archive/2026-06-13-diataxis/operations/deployment/staging-deployment-4gb-server.md",
        "hashed_secret": "463d8353f4b927fd953e5af7c41084183e8ce5fb",
        "is_verified": false,
        "line_number": 753
      },
      {
        "type": "Secret Keyword",
        "filename": "docs/_archive/2026-06-13-diataxis/operations/deployment/staging-deployment-4gb-server.md",
        "hashed_secret": "382caa7c44ee23ee25616f7e303af33c591efc3a",
        "is_verified": false,
        "line_number": 1965
      }
    ],
    "docs/_archive/2026-06-13-diataxis/operations/deployment/staging-deployment-checklist.md": [
      {
        "type": "Secret Keyword",
        "filename": "docs/_archive/2026-06-13-diataxis/operations/deployment/staging-deployment-checklist.md",
        "hashed_secret": "583328e562a3d57a9d1c852fb9d3d1f6712a4d7f",
        "is_verified": false,
        "line_number": 385
      },
      {
        "type": "Secret Keyword",
        "filename": "docs/_archive/2026-06-13-diataxis/operations/deployment/staging-deployment-checklist.md",
        "hashed_secret": "ab3eb0f868f05373c611a6c904ae319ff0772c0c",
        "is_verified": false,
        "line_number": 572
      }
    ],
    "docs/_archive/2026-06-13-diataxis/operations/postgres/overview.md": [
      {
        "type": "Secret Keyword",
        "filename": "docs/_archive/2026-06-13-diataxis/operations/postgres/overview.md",
        "hashed_secret": "52dcc83ec1e54426ad58a64854d1eb8d5f5d9685",
        "is_verified": false,
        "line_number": 138
      }
    ],
    "docs/_archive/2026-06-13-diataxis/reference/api/audit-index.md": [
      {
        "type": "Secret Keyword",
        "filename": "docs/_archive/2026-06-13-diataxis/reference/api/audit-index.md",
        "hashed_secret": "5baa61e4c9b93f3f0682250b6cf8331b7ee68fd8",
        "is_verified": false,
        "line_number": 316
      }
    ],
    "docs/_archive/2026-06-13-diataxis/reference/api/overview.md": [
      {
        "type": "Secret Keyword",
        "filename": "docs/_archive/2026-06-13-diataxis/reference/api/overview.md",
        "hashed_secret": "44cdfc3615970ada14420caaaa5c5745fca06002",
        "is_verified": false,
        "line_number": 51
      }
    ],
    "docs/_archive/2026-06-13-diataxis/reference/components/backend/models.md": [
      {
        "type": "Secret Keyword",
        "filename": "docs/_archive/2026-06-13-diataxis/reference/components/backend/models.md",
        "hashed_secret": "f409ce90a1cd144912d1df8620215b2dc9fda731",
        "is_verified": false,
        "line_number": 656
      }
    ],
    "docs/_archive/2026-06-13-diataxis/reference/components/backend/services.md": [
      {
        "type": "Secret Keyword",
        "filename": "docs/_archive/2026-06-13-diataxis/reference/components/backend/services.md",
        "hashed_secret": "a616a64c0fbc30f12287d0f24f3b90dd2e6a206e",
        "is_verified": false,
        "line_number": 80
      }
    ],
    "docs/_archive/2026-06-13-diataxis/reference/components/nlp/LANGEXTRACT_PROCESSOR.md": [
      {
        "type": "Secret Keyword",
        "filename": "docs/_archive/2026-06-13-diataxis/reference/components/nlp/LANGEXTRACT_PROCESSOR.md",
        "hashed_secret": "11fa7c37d697f30e6aee828b4426a10f83ab2380",
        "is_verified": false,
        "line_number": 85
      }
    ],
    "docs/_archive/2026-06-13-diataxis/reference/database/migrations.md": [
      {
        "type": "Basic Auth Credentials",
        "filename": "docs/_archive/2026-06-13-diataxis/reference/database/migrations.md",
        "hashed_secret": "9d4e1e23bd5b727046a9e3b4b7db57bd8d6ee684",
        "is_verified": false,
        "line_number": 14
      },
      {
        "type": "Hex High Entropy String",
        "filename": "docs/_archive/2026-06-13-diataxis/reference/database/migrations.md",
        "hashed_secret": "37588c962d42974562767f5b11f039787e96db7f",
        "is_verified": false,
        "line_number": 183
      },
      {
        "type": "Hex High Entropy String",
        "filename": "docs/_archive/2026-06-13-diataxis/reference/database/migrations.md",
        "hashed_secret": "5915da6dfb33eede203f67f71fab92075cfea130",
        "is_verified": false,
        "line_number": 231
      },
      {
        "type": "Hex High Entropy String",
        "filename": "docs/_archive/2026-06-13-diataxis/reference/database/migrations.md",
        "hashed_secret": "90bd1b48e958257948487b90bee080ba5ed00caa",
        "is_verified": false,
        "line_number": 288
      }
    ],
    "docs/_archive/2026-06-13-diataxis/ru/development/performance/refactoring-analysis.md": [
      {
        "type": "Secret Keyword",
        "filename": "docs/_archive/2026-06-13-diataxis/ru/development/performance/refactoring-analysis.md",
        "hashed_secret": "5baa61e4c9b93f3f0682250b6cf8331b7ee68fd8",
        "is_verified": false,
        "line_number": 1268
      }
    ],
    "docs/_archive/2026-06-13-diataxis/ru/development/testing/refactoring-analysis.md": [
      {
        "type": "Secret Keyword",
        "filename": "docs/_archive/2026-06-13-diataxis/ru/development/testing/refactoring-analysis.md",
        "hashed_secret": "c18006fc138809314751cd1991f1e0b820fabd37",
        "is_verified": false,
        "line_number": 466
      }
    ],
    "docs/_archive/2026-06-13-stale-infra/ci-cd/CI_CD_SETUP.md": [
      {
        "type": "Private Key",
        "filename": "docs/_archive/2026-06-13-stale-infra/ci-cd/CI_CD_SETUP.md",
        "hashed_secret": "27c6929aef41ae2bcadac15ca6abcaff72cda9cd",
        "is_verified": false,
        "line_number": 160
      }
    ],
    "docs/_archive/2026-06-13-stale-infra/ci-cd/DEPLOYMENT_GUIDE.md": [
      {
        "type": "Basic Auth Credentials",
        "filename": "docs/_archive/2026-06-13-stale-infra/ci-cd/DEPLOYMENT_GUIDE.md",
        "hashed_secret": "f6dc18485721945fe6414d2156f0ea94358a2316",
        "is_verified": false,
        "line_number": 165
      }
    ],
    "docs/_archive/2026-06-13-stale-infra/ci-cd/action-plans/phase-2a.md": [
      {
        "type": "Basic Auth Credentials",
        "filename": "docs/_archive/2026-06-13-stale-infra/ci-cd/action-plans/phase-2a.md",
        "hashed_secret": "1bfe61591ad6bcc2591da8902eb63e994bba711a",
        "is_verified": false,
        "line_number": 158
      }
    ],
    "docs/_archive/2026-06-13-stale-infra/ci-cd/error-reports/comprehensive-v2.md": [
      {
        "type": "Basic Auth Credentials",
        "filename": "docs/_archive/2026-06-13-stale-infra/ci-cd/error-reports/comprehensive-v2.md",
        "hashed_secret": "1bfe61591ad6bcc2591da8902eb63e994bba711a",
        "is_verified": false,
        "line_number": 195
      }
    ],
    "docs/_archive/2026-06-13-stale-infra/deployment/DATABASE_PRODUCTION.md": [
      {
        "type": "Basic Auth Credentials",
        "filename": "docs/_archive/2026-06-13-stale-infra/deployment/DATABASE_PRODUCTION.md",
        "hashed_secret": "9d4e1e23bd5b727046a9e3b4b7db57bd8d6ee684",
        "is_verified": false,
        "line_number": 322
      }
    ],
    "docs/_archive/2026-06-13-stale-infra/deployment/DEPLOYMENT_CHECKLIST.md": [
      {
        "type": "Secret Keyword",
        "filename": "docs/_archive/2026-06-13-stale-infra/deployment/DEPLOYMENT_CHECKLIST.md",
        "hashed_secret": "7288edd0fc3ffcbe93a0cf06e3568e28521687bc",
        "is_verified": false,
        "line_number": 186
      }
    ],
    "docs/_archive/2026-06-13-stale-infra/deployment/INFRASTRUCTURE_OPTIMIZATION.md": [
      {
        "type": "Basic Auth Credentials",
        "filename": "docs/_archive/2026-06-13-stale-infra/deployment/INFRASTRUCTURE_OPTIMIZATION.md",
        "hashed_secret": "9d4e1e23bd5b727046a9e3b4b7db57bd8d6ee684",
        "is_verified": false,
        "line_number": 394
      }
    ],
    "docs/_archive/2026-06-13-stale-infra/deployment/P0-6_P0-7_SECURITY_COMPLETION_REPORT.md": [
      {
        "type": "Secret Keyword",
        "filename": "docs/_archive/2026-06-13-stale-infra/deployment/P0-6_P0-7_SECURITY_COMPLETION_REPORT.md",
        "hashed_secret": "1ded3053d0363079a4e681a3b700435d6d880290",
        "is_verified": false,
        "line_number": 249
      }
    ],
    "docs/_archive/DEVELOPMENT_PROGRESS.md": [
      {
        "type": "Basic Auth Credentials",
        "filename": "docs/_archive/DEVELOPMENT_PROGRESS.md",
        "hashed_secret": "7ecf2a0407bb902cf9f862008ef0316092e9b6f2",
        "is_verified": false,
        "line_number": 155
      }
    ],
    "docs/_archive/development/PERFORMANCE_REFACTORING_ANALYSIS.md": [
      {
        "type": "Secret Keyword",
        "filename": "docs/_archive/development/PERFORMANCE_REFACTORING_ANALYSIS.md",
        "hashed_secret": "5baa61e4c9b93f3f0682250b6cf8331b7ee68fd8",
        "is_verified": false,
        "line_number": 1268
      }
    ],
    "docs/_archive/development/PERFORMANCE_REFACTORING_ANALYSIS.ru.md": [
      {
        "type": "Secret Keyword",
        "filename": "docs/_archive/development/PERFORMANCE_REFACTORING_ANALYSIS.ru.md",
        "hashed_secret": "5baa61e4c9b93f3f0682250b6cf8331b7ee68fd8",
        "is_verified": false,
        "line_number": 1268
      }
    ],
    "docs/_archive/development/testing-refactoring-analysis.md": [
      {
        "type": "Secret Keyword",
        "filename": "docs/_archive/development/testing-refactoring-analysis.md",
        "hashed_secret": "c18006fc138809314751cd1991f1e0b820fabd37",
        "is_verified": false,
        "line_number": 466
      }
    ],
    "docs/_archive/development/testing-refactoring-analysis.ru.md": [
      {
        "type": "Secret Keyword",
        "filename": "docs/_archive/development/testing-refactoring-analysis.ru.md",
        "hashed_secret": "c18006fc138809314751cd1991f1e0b820fabd37",
        "is_verified": false,
        "line_number": 466
      }
    ],
    "docs/plans/2026-03-02-security-hardening-plan.md": [
      {
        "type": "Secret Keyword",
        "filename": "docs/plans/2026-03-02-security-hardening-plan.md",
        "hashed_secret": "ce497e9e331d4f8fdbb6334aea7ee49c35332fd7",
        "is_verified": false,
        "line_number": 135
      }
    ],
    "docs/plans/2026-06-13-gemini-migration-plan-v3.md": [
      {
        "type": "Secret Keyword",
        "filename": "docs/plans/2026-06-13-gemini-migration-plan-v3.md",
        "hashed_secret": "3ab21e4816a444399ec9ee3de4eb6d89a0fbfcc0",
        "is_verified": false,
        "line_number": 114
      }
    ],
    "docs/prompts/2026-02-08-password-recovery-implementation.md": [
      {
        "type": "Secret Keyword",
        "filename": "docs/prompts/2026-02-08-password-recovery-implementation.md",
        "hashed_secret": "4894cb39ee419a77b480060f3e4a6d0a4d0fa01f",
        "is_verified": false,
        "line_number": 834
      },
      {
        "type": "Secret Keyword",
        "filename": "docs/prompts/2026-02-08-password-recovery-implementation.md",
        "hashed_secret": "0aaf33df51055da5878e36b44e596ab37f60e02a",
        "is_verified": false,
        "line_number": 835
      }
    ],
    "docs/reports/2025-10-30-p0-security-fixes.md": [
      {
        "type": "Secret Keyword",
        "filename": "docs/reports/2025-10-30-p0-security-fixes.md",
        "hashed_secret": "1cf4c502ddd89b918c4bfefea76dadd590693b48",
        "is_verified": false,
        "line_number": 39
      },
      {
        "type": "Secret Keyword",
        "filename": "docs/reports/2025-10-30-p0-security-fixes.md",
        "hashed_secret": "a4b48a81cdab1e1a5dd37907d6c85ca1c61ddc7c",
        "is_verified": false,
        "line_number": 489
      },
      {
        "type": "Secret Keyword",
        "filename": "docs/reports/2025-10-30-p0-security-fixes.md",
        "hashed_secret": "1ded3053d0363079a4e681a3b700435d6d880290",
        "is_verified": false,
        "line_number": 501
      },
      {
        "type": "Secret Keyword",
        "filename": "docs/reports/2025-10-30-p0-security-fixes.md",
        "hashed_secret": "72559b51f94a7a3ad058c5740cbe2f7cb0d4080b",
        "is_verified": false,
        "line_number": 507
      }
    ],
    "docs/reports/2026-01-17-ios-authentication.md": [
      {
        "type": "Secret Keyword",
        "filename": "docs/reports/2026-01-17-ios-authentication.md",
        "hashed_secret": "d69c3b1ac54be7da3666d9937b9c78e7c309d6e8",
        "is_verified": false,
        "line_number": 1007
      }
    ],
    "docs/reports/2026-01-17-ios-infrastructure-specification.md": [
      {
        "type": "Secret Keyword",
        "filename": "docs/reports/2026-01-17-ios-infrastructure-specification.md",
        "hashed_secret": "a34afeea022a2e754745e6fd9a0a4478657bb9ce",
        "is_verified": false,
        "line_number": 53
      }
    ],
    "docs/reports/2026-01-22-comprehensive-audit-report.md": [
      {
        "type": "Secret Keyword",
        "filename": "docs/reports/2026-01-22-comprehensive-audit-report.md",
        "hashed_secret": "ce497e9e331d4f8fdbb6334aea7ee49c35332fd7",
        "is_verified": false,
        "line_number": 128
      }
    ],
    "docs/reports/2026-02-06-claude-code-plugins-mcp-research.md": [
      {
        "type": "Basic Auth Credentials",
        "filename": "docs/reports/2026-02-06-claude-code-plugins-mcp-research.md",
        "hashed_secret": "9d4e1e23bd5b727046a9e3b4b7db57bd8d6ee684",
        "is_verified": false,
        "line_number": 71
      }
    ],
    "docs/reports/2026-03-01-infrastructure-audit-v3-openrouter.md": [
      {
        "type": "Secret Keyword",
        "filename": "docs/reports/2026-03-01-infrastructure-audit-v3-openrouter.md",
        "hashed_secret": "a219d7693c25cd2d93313512e200ff3eb374d281",
        "is_verified": false,
        "line_number": 189
      }
    ],
    "docs/reports/2026-03-01-infrastructure-migration-analysis.md": [
      {
        "type": "Basic Auth Credentials",
        "filename": "docs/reports/2026-03-01-infrastructure-migration-analysis.md",
        "hashed_secret": "7ecf2a0407bb902cf9f862008ef0316092e9b6f2",
        "is_verified": false,
        "line_number": 31
      }
    ],
    "docs/reports/2026-03-02-deep-audit-gaps.md": [
      {
        "type": "Secret Keyword",
        "filename": "docs/reports/2026-03-02-deep-audit-gaps.md",
        "hashed_secret": "ce497e9e331d4f8fdbb6334aea7ee49c35332fd7",
        "is_verified": false,
        "line_number": 193
      }
    ],
    "docs/reports/MASTER_IMPROVEMENT_PLAN_2025-11-18.md": [
      {
        "type": "Secret Keyword",
        "filename": "docs/reports/MASTER_IMPROVEMENT_PLAN_2025-11-18.md",
        "hashed_secret": "c58840dc02f98c5be9f5dfd4dce726f0fbe410f2",
        "is_verified": false,
        "line_number": 598
      }
    ],
    "docs/reports/MASTER_IMPROVEMENT_PLAN_REVISED_2025-11-18.md": [
      {
        "type": "Secret Keyword",
        "filename": "docs/reports/MASTER_IMPROVEMENT_PLAN_REVISED_2025-11-18.md",
        "hashed_secret": "c58840dc02f98c5be9f5dfd4dce726f0fbe410f2",
        "is_verified": false,
        "line_number": 786
      }
    ],
    "docs/reports/SECURITY_AUDIT_2025_12_23.md": [
      {
        "type": "Basic Auth Credentials",
        "filename": "docs/reports/SECURITY_AUDIT_2025_12_23.md",
        "hashed_secret": "1bfe61591ad6bcc2591da8902eb63e994bba711a",
        "is_verified": false,
        "line_number": 1115
      }
    ],
    "docs/reports/TESTING_ACTION_PLAN_2025-11-18.md": [
      {
        "type": "Secret Keyword",
        "filename": "docs/reports/TESTING_ACTION_PLAN_2025-11-18.md",
        "hashed_secret": "f409ce90a1cd144912d1df8620215b2dc9fda731",
        "is_verified": false,
        "line_number": 63
      }
    ],
    "docs/reports/TESTING_INFRASTRUCTURE_RECOMMENDATIONS_2025-11-18.md": [
      {
        "type": "Basic Auth Credentials",
        "filename": "docs/reports/TESTING_INFRASTRUCTURE_RECOMMENDATIONS_2025-11-18.md",
        "hashed_secret": "afc848c316af1a89d49826c5ae9d00ed769415f3",
        "is_verified": false,
        "line_number": 288
      }
    ],
    "docs/reports/archive/2025-Q4/backend-cleanup/CELERY_SESSIONS_CLEANUP_REPORT.md": [
      {
        "type": "Secret Keyword",
        "filename": "docs/reports/archive/2025-Q4/backend-cleanup/CELERY_SESSIONS_CLEANUP_REPORT.md",
        "hashed_secret": "f865b53623b121fd34ee5426c792e5c33af8c227",
        "is_verified": false,
        "line_number": 431
      }
    ],
    "docs/reports/archive/2025-Q4/backend-cleanup/DATABASE_JSONB_MIGRATION_REPORT.md": [
      {
        "type": "Basic Auth Credentials",
        "filename": "docs/reports/archive/2025-Q4/backend-cleanup/DATABASE_JSONB_MIGRATION_REPORT.md",
        "hashed_secret": "9d4e1e23bd5b727046a9e3b4b7db57bd8d6ee684",
        "is_verified": false,
        "line_number": 332
      }
    ],
    "docs/reports/archive/2025-Q4/backend-cleanup/INTEGRATION_GUIDE.md": [
      {
        "type": "Secret Keyword",
        "filename": "docs/reports/archive/2025-Q4/backend-cleanup/INTEGRATION_GUIDE.md",
        "hashed_secret": "d033e22ae348aeb5660fc2140aec35850c4da997",
        "is_verified": false,
        "line_number": 336
      },
      {
        "type": "Secret Keyword",
        "filename": "docs/reports/archive/2025-Q4/backend-cleanup/INTEGRATION_GUIDE.md",
        "hashed_secret": "5baa61e4c9b93f3f0682250b6cf8331b7ee68fd8",
        "is_verified": false,
        "line_number": 356
      }
    ],
    "docs/reports/archive/2025-Q4/backend-cleanup/LANGEXTRACT_INTEGRATION_COMPLETE.md": [
      {
        "type": "Secret Keyword",
        "filename": "docs/reports/archive/2025-Q4/backend-cleanup/LANGEXTRACT_INTEGRATION_COMPLETE.md",
        "hashed_secret": "c58840dc02f98c5be9f5dfd4dce726f0fbe410f2",
        "is_verified": false,
        "line_number": 139
      },
      {
        "type": "Secret Keyword",
        "filename": "docs/reports/archive/2025-Q4/backend-cleanup/LANGEXTRACT_INTEGRATION_COMPLETE.md",
        "hashed_secret": "1d3b1295c282649864a65fe3bd1631bcf7499ef5",
        "is_verified": false,
        "line_number": 275
      }
    ],
    "docs/reports/archive/2025-Q4/backend-cleanup/LANGEXTRACT_INTEGRATION_REPORT.md": [
      {
        "type": "Secret Keyword",
        "filename": "docs/reports/archive/2025-Q4/backend-cleanup/LANGEXTRACT_INTEGRATION_REPORT.md",
        "hashed_secret": "11fa7c37d697f30e6aee828b4426a10f83ab2380",
        "is_verified": false,
        "line_number": 208
      }
    ],
    "docs/reports/archive/2025-Q4/backend-cleanup/WEEK1_COMPLETE_SUMMARY.md": [
      {
        "type": "Secret Keyword",
        "filename": "docs/reports/archive/2025-Q4/backend-cleanup/WEEK1_COMPLETE_SUMMARY.md",
        "hashed_secret": "c58840dc02f98c5be9f5dfd4dce726f0fbe410f2",
        "is_verified": false,
        "line_number": 235
      }
    ],
    "docs/reports/archive/2025-Q4/backend-cleanup/WEEK1_FINAL_IMPLEMENTATION_REPORT.md": [
      {
        "type": "Secret Keyword",
        "filename": "docs/reports/archive/2025-Q4/backend-cleanup/WEEK1_FINAL_IMPLEMENTATION_REPORT.md",
        "hashed_secret": "bbd41106e1b49b2245611bb53520af2e637dee8e",
        "is_verified": false,
        "line_number": 302
      }
    ],
    "docs/reports/archive/2025-Q4/backend-cleanup/WEEK1_FINAL_SUMMARY_UPDATED.md": [
      {
        "type": "Secret Keyword",
        "filename": "docs/reports/archive/2025-Q4/backend-cleanup/WEEK1_FINAL_SUMMARY_UPDATED.md",
        "hashed_secret": "c58840dc02f98c5be9f5dfd4dce726f0fbe410f2",
        "is_verified": false,
        "line_number": 100
      }
    ],
    "docs/reports/archive/2025-Q4/frontend-cleanup/E2E_TESTING_REPORT.md": [
      {
        "type": "Secret Keyword",
        "filename": "docs/reports/archive/2025-Q4/frontend-cleanup/E2E_TESTING_REPORT.md",
        "hashed_secret": "382caa7c44ee23ee25616f7e303af33c591efc3a",
        "is_verified": false,
        "line_number": 348
      },
      {
        "type": "Secret Keyword",
        "filename": "docs/reports/archive/2025-Q4/frontend-cleanup/E2E_TESTING_REPORT.md",
        "hashed_secret": "d9be15a3e6997e782cf62ca5aeeb77705f6a9825",
        "is_verified": false,
        "line_number": 353
      },
      {
        "type": "Secret Keyword",
        "filename": "docs/reports/archive/2025-Q4/frontend-cleanup/E2E_TESTING_REPORT.md",
        "hashed_secret": "424c8b34ed935ae774c9dbaf37f97ef44f3181ba",
        "is_verified": false,
        "line_number": 358
      }
    ],
    "docs/reports/archive/2025-Q4/github-cleanup/CHANGES_SUMMARY.md": [
      {
        "type": "Basic Auth Credentials",
        "filename": "docs/reports/archive/2025-Q4/github-cleanup/CHANGES_SUMMARY.md",
        "hashed_secret": "1bfe61591ad6bcc2591da8902eb63e994bba711a",
        "is_verified": false,
        "line_number": 125
      }
    ],
    "docs/reports/archive/2025-Q4/github-cleanup/CI_DATABASE_FIX.md": [
      {
        "type": "Basic Auth Credentials",
        "filename": "docs/reports/archive/2025-Q4/github-cleanup/CI_DATABASE_FIX.md",
        "hashed_secret": "1bfe61591ad6bcc2591da8902eb63e994bba711a",
        "is_verified": false,
        "line_number": 101
      }
    ],
    "docs/reports/archive/2025-Q4/github-cleanup/HOSTNAME_FIX_CORRECTION.md": [
      {
        "type": "Basic Auth Credentials",
        "filename": "docs/reports/archive/2025-Q4/github-cleanup/HOSTNAME_FIX_CORRECTION.md",
        "hashed_secret": "1bfe61591ad6bcc2591da8902eb63e994bba711a",
        "is_verified": false,
        "line_number": 16
      }
    ],
    "docs/reports/archive/2025-Q4/github-cleanup/PHASE_2A_COMPLETE.md": [
      {
        "type": "Basic Auth Credentials",
        "filename": "docs/reports/archive/2025-Q4/github-cleanup/PHASE_2A_COMPLETE.md",
        "hashed_secret": "1bfe61591ad6bcc2591da8902eb63e994bba711a",
        "is_verified": false,
        "line_number": 44
      }
    ],
    "docs/reports/archive/2025-Q4/misc/BUGS_REPORT.md": [
      {
        "type": "Basic Auth Credentials",
        "filename": "docs/reports/archive/2025-Q4/misc/BUGS_REPORT.md",
        "hashed_secret": "1bfe61591ad6bcc2591da8902eb63e994bba711a",
        "is_verified": false,
        "line_number": 373
      },
      {
        "type": "Secret Keyword",
        "filename": "docs/reports/archive/2025-Q4/misc/BUGS_REPORT.md",
        "hashed_secret": "f1bb7852ec6d55f5c9701fa44dc2403395647e7f",
        "is_verified": false,
        "line_number": 391
      }
    ],
    "docs/reports/archive/2025-Q4/misc/CI_CD_FIX_ACTION_PLAN.md": [
      {
        "type": "Basic Auth Credentials",
        "filename": "docs/reports/archive/2025-Q4/misc/CI_CD_FIX_ACTION_PLAN.md",
        "hashed_secret": "a94a8fe5ccb19ba61c4c0873d391e987982fbbd3",
        "is_verified": false,
        "line_number": 101
      }
    ],
    "docs/reports/archive/2025-Q4/misc/SECURITY_AUDIT_REPORT.md": [
      {
        "type": "Secret Keyword",
        "filename": "docs/reports/archive/2025-Q4/misc/SECURITY_AUDIT_REPORT.md",
        "hashed_secret": "72b1ae1438a93bb8649261e374fddc038b338d2b",
        "is_verified": false,
        "line_number": 47
      },
      {
        "type": "Secret Keyword",
        "filename": "docs/reports/archive/2025-Q4/misc/SECURITY_AUDIT_REPORT.md",
        "hashed_secret": "c18006fc138809314751cd1991f1e0b820fabd37",
        "is_verified": false,
        "line_number": 85
      },
      {
        "type": "Secret Keyword",
        "filename": "docs/reports/archive/2025-Q4/misc/SECURITY_AUDIT_REPORT.md",
        "hashed_secret": "45d676e7c6ab44cf4b8fa366ef2d8fccd3e6d6e6",
        "is_verified": false,
        "line_number": 792
      }
    ],
    "docs/reports/archive/2025-Q4/misc/SECURITY_FIX_REPORT.md": [
      {
        "type": "Secret Keyword",
        "filename": "docs/reports/archive/2025-Q4/misc/SECURITY_FIX_REPORT.md",
        "hashed_secret": "72b1ae1438a93bb8649261e374fddc038b338d2b",
        "is_verified": false,
        "line_number": 49
      },
      {
        "type": "Secret Keyword",
        "filename": "docs/reports/archive/2025-Q4/misc/SECURITY_FIX_REPORT.md",
        "hashed_secret": "c18006fc138809314751cd1991f1e0b820fabd37",
        "is_verified": false,
        "line_number": 91
      }
    ],
    "docs/reports/archive/2025-Q4/misc/SECURITY_QUICK_FIXES.md": [
      {
        "type": "Secret Keyword",
        "filename": "docs/reports/archive/2025-Q4/misc/SECURITY_QUICK_FIXES.md",
        "hashed_secret": "72b1ae1438a93bb8649261e374fddc038b338d2b",
        "is_verified": false,
        "line_number": 10
      },
      {
        "type": "Secret Keyword",
        "filename": "docs/reports/archive/2025-Q4/misc/SECURITY_QUICK_FIXES.md",
        "hashed_secret": "f1bb7852ec6d55f5c9701fa44dc2403395647e7f",
        "is_verified": false,
        "line_number": 372
      },
      {
        "type": "Secret Keyword",
        "filename": "docs/reports/archive/2025-Q4/misc/SECURITY_QUICK_FIXES.md",
        "hashed_secret": "382caa7c44ee23ee25616f7e303af33c591efc3a",
        "is_verified": false,
        "line_number": 389
      }
    ],
    "docs/reports/archive/2025-Q4/refactoring/REFACTORING_PHASE2_MASTER_REPORT.md": [
      {
        "type": "Secret Keyword",
        "filename": "docs/reports/archive/2025-Q4/refactoring/REFACTORING_PHASE2_MASTER_REPORT.md",
        "hashed_secret": "72b1ae1438a93bb8649261e374fddc038b338d2b",
        "is_verified": false,
        "line_number": 192
      }
    ],
    "docs/reports/archive/2025-Q4/root-cleanup/prompts.md": [
      {
        "type": "Basic Auth Credentials",
        "filename": "docs/reports/archive/2025-Q4/root-cleanup/prompts.md",
        "hashed_secret": "9d4e1e23bd5b727046a9e3b4b7db57bd8d6ee684",
        "is_verified": false,
        "line_number": 801
      }
    ],
    "docs/reports/frontend-full-audit-2026-01.md": [
      {
        "type": "Secret Keyword",
        "filename": "docs/reports/frontend-full-audit-2026-01.md",
        "hashed_secret": "73027c15d2f0904f8823803d682795f029da84c9",
        "is_verified": false,
        "line_number": 1825
      },
      {
        "type": "Secret Keyword",
        "filename": "docs/reports/frontend-full-audit-2026-01.md",
        "hashed_secret": "10a6d0b1420bda05bb65eb2eb4826acad64b23c3",
        "is_verified": false,
        "line_number": 1826
      },
      {
        "type": "Secret Keyword",
        "filename": "docs/reports/frontend-full-audit-2026-01.md",
        "hashed_secret": "9da133c45f71d2bb9d5eb7cfa6fce7cdb6a215b5",
        "is_verified": false,
        "line_number": 1838
      }
    ],
    "docs/reports/project-analysis-2025-12-26/backend-code-analysis-report.md": [
      {
        "type": "Secret Keyword",
        "filename": "docs/reports/project-analysis-2025-12-26/backend-code-analysis-report.md",
        "hashed_secret": "f1bb7852ec6d55f5c9701fa44dc2403395647e7f",
        "is_verified": false,
        "line_number": 423
      }
    ],
    "docs/reports/project-analysis-2025-12-26/test-coverage-analysis-2025-12-26.md": [
      {
        "type": "Basic Auth Credentials",
        "filename": "docs/reports/project-analysis-2025-12-26/test-coverage-analysis-2025-12-26.md",
        "hashed_secret": "1bfe61591ad6bcc2591da8902eb63e994bba711a",
        "is_verified": false,
        "line_number": 1815
      }
    ],
    "docs/research/2026-04-27-ai-provider-migration-kie-gemini-openrouter.md": [
      {
        "type": "Secret Keyword",
        "filename": "docs/research/2026-04-27-ai-provider-migration-kie-gemini-openrouter.md",
        "hashed_secret": "0457ce99967461951f76c3ea9eece6973ae9cf2e",
        "is_verified": false,
        "line_number": 51
      }
    ],
    "docs/research/gemini-admin-panel-plan-2026-03-31.md": [
      {
        "type": "Secret Keyword",
        "filename": "docs/research/gemini-admin-panel-plan-2026-03-31.md",
        "hashed_secret": "6429660060a2cc5d2532ba1c3620ecf440d5a1f3",
        "is_verified": false,
        "line_number": 343
      }
    ],
    "docs/research/kieai-vs-gemini-direct-vs-openrouter-comparison-2026-04-27.md": [
      {
        "type": "Secret Keyword",
        "filename": "docs/research/kieai-vs-gemini-direct-vs-openrouter-comparison-2026-04-27.md",
        "hashed_secret": "ebce4189f388646f703e78ef497b68356390a9c2",
        "is_verified": false,
        "line_number": 1077
      }
    ],
    "docs/research/load-testing-strategy.md": [
      {
        "type": "Secret Keyword",
        "filename": "docs/research/load-testing-strategy.md",
        "hashed_secret": "4cf14f7027e84422410a487a05c48f946d8facdc",
        "is_verified": false,
        "line_number": 1058
      }
    ],
    "docs/research/payment-system-yookassa.md": [
      {
        "type": "Secret Keyword",
        "filename": "docs/research/payment-system-yookassa.md",
        "hashed_secret": "76fb0eb046fb9e7b163fecdfaf0b3e419a8a503b",
        "is_verified": false,
        "line_number": 60
      },
      {
        "type": "Secret Keyword",
        "filename": "docs/research/payment-system-yookassa.md",
        "hashed_secret": "ed21285f3f17c2e528cf8e7a660473f0d44d9266",
        "is_verified": false,
        "line_number": 1664
      }
    ],
    "docs/superpowers/plans/2026-06-16-vertex-backend-submode.md": [
      {
        "type": "Secret Keyword",
        "filename": "docs/superpowers/plans/2026-06-16-vertex-backend-submode.md",
        "hashed_secret": "a7ca03876c53fbe1bea01477cbe0cafae9846b5f",
        "is_verified": false,
        "line_number": 147
      }
    ],
    "frontend/src/components/Auth/PasswordStrength.tsx": [
      {
        "type": "Secret Keyword",
        "filename": "frontend/src/components/Auth/PasswordStrength.tsx",
        "hashed_secret": "1ded3053d0363079a4e681a3b700435d6d880290",
        "is_verified": false,
        "line_number": 5
      }
    ],
    "frontend/src/locales/en/translation.json": [
      {
        "type": "Secret Keyword",
        "filename": "frontend/src/locales/en/translation.json",
        "hashed_secret": "8be3c943b1609fffbfc51aad666d0a04adf83c9d",
        "is_verified": false,
        "line_number": 727
      },
      {
        "type": "Secret Keyword",
        "filename": "frontend/src/locales/en/translation.json",
        "hashed_secret": "77c6662e8b7e1f664506df1c96a85385fdd0db3f",
        "is_verified": false,
        "line_number": 728
      },
      {
        "type": "Secret Keyword",
        "filename": "frontend/src/locales/en/translation.json",
        "hashed_secret": "c2d404cb7bad34de0af2136b8efa809ea96170fa",
        "is_verified": false,
        "line_number": 729
      },
      {
        "type": "Secret Keyword",
        "filename": "frontend/src/locales/en/translation.json",
        "hashed_secret": "366c2415f45eda358aa31b5d67c61f41a43a2bd0",
        "is_verified": false,
        "line_number": 730
      },
      {
        "type": "Secret Keyword",
        "filename": "frontend/src/locales/en/translation.json",
        "hashed_secret": "044b852f30b636aa923b18a61a35c79abc87556f",
        "is_verified": false,
        "line_number": 740
      },
      {
        "type": "Secret Keyword",
        "filename": "frontend/src/locales/en/translation.json",
        "hashed_secret": "e40123b4e7879a56fc22171a9ae637d418288daa",
        "is_verified": false,
        "line_number": 741
      },
      {
        "type": "Secret Keyword",
        "filename": "frontend/src/locales/en/translation.json",
        "hashed_secret": "a05dc9f37bb328c72ccdc9605d39296ea9bf8ff8",
        "is_verified": false,
        "line_number": 746
      },
      {
        "type": "Secret Keyword",
        "filename": "frontend/src/locales/en/translation.json",
        "hashed_secret": "ab4e5483b8b7cf5c7d71d65ce9d3f8972dba3c36",
        "is_verified": false,
        "line_number": 747
      },
      {
        "type": "Secret Keyword",
        "filename": "frontend/src/locales/en/translation.json",
        "hashed_secret": "8e06d6db00cd5347dc143d9b5241ce41d8f2e039",
        "is_verified": false,
        "line_number": 748
      },
      {
        "type": "Secret Keyword",
        "filename": "frontend/src/locales/en/translation.json",
        "hashed_secret": "3ce3c1f4a40723c28806d837ec557dfecaac6bbd",
        "is_verified": false,
        "line_number": 749
      },
      {
        "type": "Secret Keyword",
        "filename": "frontend/src/locales/en/translation.json",
        "hashed_secret": "d69c3b1ac54be7da3666d9937b9c78e7c309d6e8",
        "is_verified": false,
        "line_number": 751
      },
      {
        "type": "Secret Keyword",
        "filename": "frontend/src/locales/en/translation.json",
        "hashed_secret": "4c29f7f0335807c2524d8c36d531496aee23f473",
        "is_verified": false,
        "line_number": 775
      },
      {
        "type": "Secret Keyword",
        "filename": "frontend/src/locales/en/translation.json",
        "hashed_secret": "c017527b229f308f8ee200eb3139ddb9f11f97da",
        "is_verified": false,
        "line_number": 786
      },
      {
        "type": "Secret Keyword",
        "filename": "frontend/src/locales/en/translation.json",
        "hashed_secret": "4894cb39ee419a77b480060f3e4a6d0a4d0fa01f",
        "is_verified": false,
        "line_number": 804
      },
      {
        "type": "Secret Keyword",
        "filename": "frontend/src/locales/en/translation.json",
        "hashed_secret": "0aaf33df51055da5878e36b44e596ab37f60e02a",
        "is_verified": false,
        "line_number": 805
      }
    ],
    "frontend/src/pages/__tests__/ResetPasswordPage.test.tsx": [
      {
        "type": "Secret Keyword",
        "filename": "frontend/src/pages/__tests__/ResetPasswordPage.test.tsx",
        "hashed_secret": "d850ee188c7c55b64bc3624534de5c5051a57dc6",
        "is_verified": false,
        "line_number": 61
      },
      {
        "type": "Secret Keyword",
        "filename": "frontend/src/pages/__tests__/ResetPasswordPage.test.tsx",
        "hashed_secret": "a8b10891fe3541e928143f6b4994932ce807705d",
        "is_verified": false,
        "line_number": 62
      },
      {
        "type": "Secret Keyword",
        "filename": "frontend/src/pages/__tests__/ResetPasswordPage.test.tsx",
        "hashed_secret": "feb7e24219be6b377c9f1866bab5944dc856797e",
        "is_verified": false,
        "line_number": 75
      },
      {
        "type": "Secret Keyword",
        "filename": "frontend/src/pages/__tests__/ResetPasswordPage.test.tsx",
        "hashed_secret": "a8139588db19fe7fd84388752462b8468bb28907",
        "is_verified": false,
        "line_number": 76
      },
      {
        "type": "Secret Keyword",
        "filename": "frontend/src/pages/__tests__/ResetPasswordPage.test.tsx",
        "hashed_secret": "a0d0199ee2ff22591b61ce8029bf4add9dc4f9c2",
        "is_verified": false,
        "line_number": 77
      },
      {
        "type": "Secret Keyword",
        "filename": "frontend/src/pages/__tests__/ResetPasswordPage.test.tsx",
        "hashed_secret": "4f44e0c222a01ffc2a66bcfd3a79c67271de6f76",
        "is_verified": false,
        "line_number": 78
      },
      {
        "type": "Secret Keyword",
        "filename": "frontend/src/pages/__tests__/ResetPasswordPage.test.tsx",
        "hashed_secret": "ba884f09d7c457565ec97afd7544ab0081d3c048",
        "is_verified": false,
        "line_number": 79
      },
      {
        "type": "Secret Keyword",
        "filename": "frontend/src/pages/__tests__/ResetPasswordPage.test.tsx",
        "hashed_secret": "d69c3b1ac54be7da3666d9937b9c78e7c309d6e8",
        "is_verified": false,
        "line_number": 81
      },
      {
        "type": "Secret Keyword",
        "filename": "frontend/src/pages/__tests__/ResetPasswordPage.test.tsx",
        "hashed_secret": "044b852f30b636aa923b18a61a35c79abc87556f",
        "is_verified": false,
        "line_number": 82
      },
      {
        "type": "Secret Keyword",
        "filename": "frontend/src/pages/__tests__/ResetPasswordPage.test.tsx",
        "hashed_secret": "e40123b4e7879a56fc22171a9ae637d418288daa",
        "is_verified": false,
        "line_number": 83
      }
    ],
    "frontend/src/stores/__tests__/auth.test.ts": [
      {
        "type": "Secret Keyword",
        "filename": "frontend/src/stores/__tests__/auth.test.ts",
        "hashed_secret": "cbfdac6008f9cab4083784cbd1874f76618d2a97",
        "is_verified": false,
        "line_number": 127
      }
    ],
    "frontend/tests/fixtures/test-users.ts": [
      {
        "type": "Secret Keyword",
        "filename": "frontend/tests/fixtures/test-users.ts",
        "hashed_secret": "382caa7c44ee23ee25616f7e303af33c591efc3a",
        "is_verified": false,
        "line_number": 20
      },
      {
        "type": "Secret Keyword",
        "filename": "frontend/tests/fixtures/test-users.ts",
        "hashed_secret": "d9be15a3e6997e782cf62ca5aeeb77705f6a9825",
        "is_verified": false,
        "line_number": 28
      },
      {
        "type": "Secret Keyword",
        "filename": "frontend/tests/fixtures/test-users.ts",
        "hashed_secret": "424c8b34ed935ae774c9dbaf37f97ef44f3181ba",
        "is_verified": false,
        "line_number": 36
      }
    ],
    "postgres/README.md": [
      {
        "type": "Secret Keyword",
        "filename": "postgres/README.md",
        "hashed_secret": "52dcc83ec1e54426ad58a64854d1eb8d5f5d9685",
        "is_verified": false,
        "line_number": 138
      }
    ],
    "postgres/init/01-extensions.sql": [
      {
        "type": "Secret Keyword",
        "filename": "postgres/init/01-extensions.sql",
        "hashed_secret": "67b6125d69b99690a588fe98a2f75df99faddae6",
        "is_verified": false,
        "line_number": 60
      }
    ],
    "scripts/README_BACKUP.md": [
      {
        "type": "Secret Keyword",
        "filename": "scripts/README_BACKUP.md",
        "hashed_secret": "829c3804401b0727f70f73d4415e162400cbe57b",
        "is_verified": false,
        "line_number": 732
      }
    ],
    "scripts/validate-infrastructure.sh": [
      {
        "type": "Secret Keyword",
        "filename": "scripts/validate-infrastructure.sh",
        "hashed_secret": "35b8c13cf2eb2a194eada000eb310d65aed53b2a",
        "is_verified": false,
        "line_number": 294
      }
    ]
  },
  "generated_at": "2026-08-01T05:44:00Z"
}
